// Jest Snapshot v1, https://goo.gl/fbAQLP

exports[`Renders <NotFound> component 1`] = `
<div
  className="emoji-mart-no-results"
>
  <span
    aria-label="🕵️, sleuth_or_spy"
    className="emoji-mart-emoji emoji-mart-emoji-native"
    onClick={[Function]}
    onMouseEnter={[Function]}
    onMouseLeave={[Function]}
    style={
      Object {
        "boxSizing": "content-box",
        "display": "inline-block",
        "height": 38,
        "position": "relative",
        "verticalAlign": "bottom",
        "width": 38,
      }
    }
    title={null}
  >
    <span
      style={
        Object {
          "display": "inline-block",
          "fontSize": 38,
          "left": "50%",
          "position": "absolute",
          "top": "50%",
          "transform": "translate(-50%, -50%)",
          "wordBreak": "keep-all",
        }
      }
    >
      🕵️
    </span>
  </span>
  <div
    className="emoji-mart-no-results-label"
  >
    No Emoji Found
  </div>
</div>
`;
